STM32F103C6_UART_Driver.c:21:6:USART_INIT	40	static
STM32F103C6_UART_Driver.c:165:6:USART_SendData	16	static
STM32F103C6_UART_Driver.c:177:6:USART_RecieveData	16	static
STM32F103C6_UART_Driver.c:196:13:USART_GPIO_TX_PINs	24	static
STM32F103C6_UART_Driver.c:231:13:USART_GPIO_RX_PINs	24	static
STM32F103C6_UART_Driver.c:266:6:USART_deINIT	16	static
STM32F103C6_UART_Driver.c:288:6:USART1_IRQHandler	8	static
STM32F103C6_UART_Driver.c:293:6:USART2_IRQHandler	8	static
STM32F103C6_UART_Driver.c:298:6:USART3_IRQHandler	8	static
