Archive member included to satisfy reference by file (symbol)

c:/st/stm32cubeide_1.4.0/stm32cubeide/plugins/com.st.stm32cube.ide.mcu.externaltools.gnu-tools-for-stm32.7-2018-q2-update.win32_1.4.0.202007081208/tools/bin/../lib/gcc/arm-none-eabi/7.3.1/../../../../arm-none-eabi/lib/thumb/v7-m\libc_nano.a(lib_a-errno.o)
                              Src/syscalls.o (__errno)
c:/st/stm32cubeide_1.4.0/stm32cubeide/plugins/com.st.stm32cube.ide.mcu.externaltools.gnu-tools-for-stm32.7-2018-q2-update.win32_1.4.0.202007081208/tools/bin/../lib/gcc/arm-none-eabi/7.3.1/../../../../arm-none-eabi/lib/thumb/v7-m\libc_nano.a(lib_a-exit.o)
                              c:/st/stm32cubeide_1.4.0/stm32cubeide/plugins/com.st.stm32cube.ide.mcu.externaltools.gnu-tools-for-stm32.7-2018-q2-update.win32_1.4.0.202007081208/tools/bin/../lib/gcc/arm-none-eabi/7.3.1/../../../../arm-none-eabi/lib/thumb/v7-m/crt0.o (exit)
c:/st/stm32cubeide_1.4.0/stm32cubeide/plugins/com.st.stm32cube.ide.mcu.externaltools.gnu-tools-for-stm32.7-2018-q2-update.win32_1.4.0.202007081208/tools/bin/../lib/gcc/arm-none-eabi/7.3.1/../../../../arm-none-eabi/lib/thumb/v7-m\libc_nano.a(lib_a-impure.o)
                              c:/st/stm32cubeide_1.4.0/stm32cubeide/plugins/com.st.stm32cube.ide.mcu.externaltools.gnu-tools-for-stm32.7-2018-q2-update.win32_1.4.0.202007081208/tools/bin/../lib/gcc/arm-none-eabi/7.3.1/../../../../arm-none-eabi/lib/thumb/v7-m\libc_nano.a(lib_a-exit.o) (_global_impure_ptr)
c:/st/stm32cubeide_1.4.0/stm32cubeide/plugins/com.st.stm32cube.ide.mcu.externaltools.gnu-tools-for-stm32.7-2018-q2-update.win32_1.4.0.202007081208/tools/bin/../lib/gcc/arm-none-eabi/7.3.1/../../../../arm-none-eabi/lib/thumb/v7-m\libc_nano.a(lib_a-init.o)
                              c:/st/stm32cubeide_1.4.0/stm32cubeide/plugins/com.st.stm32cube.ide.mcu.externaltools.gnu-tools-for-stm32.7-2018-q2-update.win32_1.4.0.202007081208/tools/bin/../lib/gcc/arm-none-eabi/7.3.1/../../../../arm-none-eabi/lib/thumb/v7-m/crt0.o (__libc_init_array)
c:/st/stm32cubeide_1.4.0/stm32cubeide/plugins/com.st.stm32cube.ide.mcu.externaltools.gnu-tools-for-stm32.7-2018-q2-update.win32_1.4.0.202007081208/tools/bin/../lib/gcc/arm-none-eabi/7.3.1/../../../../arm-none-eabi/lib/thumb/v7-m\libc_nano.a(lib_a-memset.o)
                              c:/st/stm32cubeide_1.4.0/stm32cubeide/plugins/com.st.stm32cube.ide.mcu.externaltools.gnu-tools-for-stm32.7-2018-q2-update.win32_1.4.0.202007081208/tools/bin/../lib/gcc/arm-none-eabi/7.3.1/../../../../arm-none-eabi/lib/thumb/v7-m/crt0.o (memset)
c:/st/stm32cubeide_1.4.0/stm32cubeide/plugins/com.st.stm32cube.ide.mcu.externaltools.gnu-tools-for-stm32.7-2018-q2-update.win32_1.4.0.202007081208/tools/bin/../lib/gcc/arm-none-eabi/7.3.1/../../../../arm-none-eabi/lib/thumb/v7-m\libc_nano.a(lib_a-sprintf.o)
                              HAL_Drivers/LCD/LCD.o (sprintf)
c:/st/stm32cubeide_1.4.0/stm32cubeide/plugins/com.st.stm32cube.ide.mcu.externaltools.gnu-tools-for-stm32.7-2018-q2-update.win32_1.4.0.202007081208/tools/bin/../lib/gcc/arm-none-eabi/7.3.1/../../../../arm-none-eabi/lib/thumb/v7-m\libc_nano.a(lib_a-nano-svfprintf.o)
                              c:/st/stm32cubeide_1.4.0/stm32cubeide/plugins/com.st.stm32cube.ide.mcu.externaltools.gnu-tools-for-stm32.7-2018-q2-update.win32_1.4.0.202007081208/tools/bin/../lib/gcc/arm-none-eabi/7.3.1/../../../../arm-none-eabi/lib/thumb/v7-m\libc_nano.a(lib_a-sprintf.o) (_svfprintf_r)
c:/st/stm32cubeide_1.4.0/stm32cubeide/plugins/com.st.stm32cube.ide.mcu.externaltools.gnu-tools-for-stm32.7-2018-q2-update.win32_1.4.0.202007081208/tools/bin/../lib/gcc/arm-none-eabi/7.3.1/../../../../arm-none-eabi/lib/thumb/v7-m\libc_nano.a(lib_a-nano-vfprintf_i.o)
                              c:/st/stm32cubeide_1.4.0/stm32cubeide/plugins/com.st.stm32cube.ide.mcu.externaltools.gnu-tools-for-stm32.7-2018-q2-update.win32_1.4.0.202007081208/tools/bin/../lib/gcc/arm-none-eabi/7.3.1/../../../../arm-none-eabi/lib/thumb/v7-m\libc_nano.a(lib_a-nano-svfprintf.o) (_printf_i)
c:/st/stm32cubeide_1.4.0/stm32cubeide/plugins/com.st.stm32cube.ide.mcu.externaltools.gnu-tools-for-stm32.7-2018-q2-update.win32_1.4.0.202007081208/tools/bin/../lib/gcc/arm-none-eabi/7.3.1/../../../../arm-none-eabi/lib/thumb/v7-m\libc_nano.a(lib_a-memchr-stub.o)
                              c:/st/stm32cubeide_1.4.0/stm32cubeide/plugins/com.st.stm32cube.ide.mcu.externaltools.gnu-tools-for-stm32.7-2018-q2-update.win32_1.4.0.202007081208/tools/bin/../lib/gcc/arm-none-eabi/7.3.1/../../../../arm-none-eabi/lib/thumb/v7-m\libc_nano.a(lib_a-nano-svfprintf.o) (memchr)
c:/st/stm32cubeide_1.4.0/stm32cubeide/plugins/com.st.stm32cube.ide.mcu.externaltools.gnu-tools-for-stm32.7-2018-q2-update.win32_1.4.0.202007081208/tools/bin/../lib/gcc/arm-none-eabi/7.3.1/../../../../arm-none-eabi/lib/thumb/v7-m\libc_nano.a(lib_a-memcpy-stub.o)
[...]
Memory Configuration

Name             Origin             Length             Attributes
RAM              0x0000000020000000 0x0000000000002800 xrw
ROM              0x0000000008000000 0x0000000000008000 xr
*default*        0x0000000000000000 0xffffffffffffffff

Linker script and memory map

LOAD c:/st/stm32cubeide_1.4.0/stm32cubeide/plugins/com.st.stm32cube.ide.mcu.externaltools.gnu-tools-for-stm32.7-2018-q2-update.win32_1.4.0.202007081208/tools/bin/../lib/gcc/arm-none-eabi/7.3.1/thumb/v7-m/crti.o
LOAD c:/st/stm32cubeide_1.4.0/stm32cubeide/plugins/com.st.stm32cube.ide.mcu.externaltools.gnu-tools-for-stm32.7-2018-q2-update.win32_1.4.0.202007081208/tools/bin/../lib/gcc/arm-none-eabi/7.3.1/thumb/v7-m/crtbegin.o
LOAD c:/st/stm32cubeide_1.4.0/stm32cubeide/plugins/com.st.stm32cube.ide.mcu.externaltools.gnu-tools-for-stm32.7-2018-q2-update.win32_1.4.0.202007081208/tools/bin/../lib/gcc/arm-none-eabi/7.3.1/../../../../arm-none-eabi/lib/thumb/v7-m/crt0.o
LOAD HAL_Drivers/7seg/SevenSegment.o
LOAD HAL_Drivers/Keypad/Keypad.o
LOAD HAL_Drivers/LCD/LCD.o
LOAD STM32F103C6_MCAL_Drivers/GPIO/STM32F103C6_GPIO_Driver.o
LOAD Src/main.o
LOAD Src/syscalls.o
LOAD Src/sysmem.o
LOAD Startup/startup_stm32f103c6tx.o
START GROUP
LOAD c:/st/stm32cubeide_1.4.0/stm32cubeide/plugins/com.st.stm32cube.ide.mcu.externaltools.gnu-tools-for-stm32.7-2018-q2-update.win32_1.4.0.202007081208/tools/bin/../lib/gcc/arm-none-eabi/7.3.1/../../../../arm-none-eabi/lib/thumb/v7-m\libc_nano.a
LOAD c:/st/stm32cubeide_1.4.0/stm32cubeide/plugins/com.st.stm32cube.ide.mcu.externaltools.gnu-tools-for-stm32.7-2018-q2-update.win32_1.4.0.202007081208/tools/bin/../lib/gcc/arm-none-eabi/7.3.1/../../../../arm-none-eabi/lib/thumb/v7-m\libm.a
END GROUP
START GROUP
LOAD c:/st/stm32cubeide_1.4.0/stm32cubeide/plugins/com.st.stm32cube.ide.mcu.externaltools.gnu-tools-for-stm32.7-2018-q2-update.win32_1.4.0.202007081208/tools/bin/../lib/gcc/arm-none-eabi/7.3.1/thumb/v7-m\libgcc.a
LOAD c:/st/stm32cubeide_1.4.0/stm32cubeide/plugins/com.st.stm32cube.ide.mcu.externaltools.gnu-tools-for-stm32.7-2018-q2-update.win32_1.4.0.202007081208/tools/bin/../lib/gcc/arm-none-eabi/7.3.1/../../../../arm-none-eabi/lib/thumb/v7-m\libg_nano.a
LOAD c:/st/stm32cubeide_1.4.0/stm32cubeide/plugins/com.st.stm32cube.ide.mcu.externaltools.gnu-tools-for-stm32.7-2018-q2-update.win32_1.4.0.202007081208/tools/bin/../lib/gcc/arm-none-eabi/7.3.1/../../../../arm-none-eabi/lib/thumb/v7-m\libc_nano.a
END GROUP
START GROUP
LOAD c:/st/stm32cubeide_1.4.0/stm32cubeide/plugins/com.st.stm32cube.ide.mcu.externaltools.gnu-tools-for-stm32.7-2018-q2-update.win32_1.4.0.202007081208/tools/bin/../lib/gcc/arm-none-eabi/7.3.1/thumb/v7-m\libgcc.a
LOAD c:/st/stm32cubeide_1.4.0/stm32cubeide/plugins/com.st.stm32cube.ide.mcu.externaltools.gnu-tools-for-stm32.7-2018-q2-update.win32_1.4.0.202007081208/tools/bin/../lib/gcc/arm-none-eabi/7.3.1/../../../../arm-none-eabi/lib/thumb/v7-m\libc_nano.a
LOAD c:/st/stm32cubeide_1.4.0/stm32cubeide/plugins/com.st.stm32cube.ide.mcu.externaltools.gnu-tools-for-stm32.7-2018-q2-update.win32_1.4.0.202007081208/tools/bin/../lib/gcc/arm-none-eabi/7.3.1/../../../../arm-none-eabi/lib/thumb/v7-m\libnosys.a
END GROUP
START GROUP
LOAD c:/st/stm32cubeide_1.4.0/stm32cubeide/plugins/com.st.stm32cube.ide.mcu.externaltools.gnu-tools-for-stm32.7-2018-q2-update.win32_1.4.0.202007081208/tools/bin/../lib/gcc/arm-none-eabi/7.3.1/thumb/v7-m\libgcc.a
LOAD c:/st/stm32cubeide_1.4.0/stm32cubeide/plugins/com.st.stm32cube.ide.mcu.externaltools.gnu-tools-for-stm32.7-2018-q2-update.win32_1.4.0.202007081208/tools/bin/../lib/gcc/arm-none-eabi/7.3.1/../../../../arm-none-eabi/lib/thumb/v7-m\libc_nano.a
LOAD c:/st/stm32cubeide_1.4.0/stm32cubeide/plugins/com.st.stm32cube.ide.mcu.externaltools.gnu-tools-for-stm32.7-2018-q2-update.win32_1.4.0.202007081208/tools/bin/../lib/gcc/arm-none-eabi/7.3.1/../../../../arm-none-eabi/lib/thumb/v7-m\libnosys.a
END GROUP
LOAD c:/st/stm32cubeide_1.4.0/stm32cubeide/plugins/com.st.stm32cube.ide.mcu.externaltools.gnu-tools-for-stm32.7-2018-q2-update.win32_1.4.0.202007081208/tools/bin/../lib/gcc/arm-none-eabi/7.3.1/thumb/v7-m/crtend.o
LOAD c:/st/stm32cubeide_1.4.0/stm32cubeide/plugins/com.st.stm32cube.ide.mcu.externaltools.gnu-tools-for-stm32.7-2018-q2-update.win32_1.4.0.202007081208/tools/bin/../lib/gcc/arm-none-eabi/7.3.1/thumb/v7-m/crtn.o
                0x0000000020002800                _estack = (ORIGIN (RAM) + LENGTH (RAM))
                0x0000000000000200                _Min_Heap_Size = 0x200
                0x0000000000000400                _Min_Stack_Size = 0x400

.isr_vector     0x0000000008000000      0x130
                0x0000000008000000                . = ALIGN (0x4)
 *(.isr_vector)
 .isr_vector    0x0000000008000000      0x130 Startup/startup_stm32f103c6tx.o
                0x0000000008000000                g_pfnVectors
                0x0000000008000130                . = ALIGN (0x4)

.text           0x0000000008000130      0xf24
                0x0000000008000130                . = ALIGN (0x4)
 *(.text)
 .text          0x0000000008000130       0x40 c:/st/stm32cubeide_1.4.0/stm32cubeide/plugins/com.st.stm32cube.ide.mcu.externaltools.gnu-tools-for-stm32.7-2018-q2-update.win32_1.4.0.202007081208/tools/bin/../lib/gcc/arm-none-eabi/7.3.1/thumb/v7-m/crtbegin.o
 *(.text*)
 .text.SevenSegment_init
                0x0000000008000170       0xb4 HAL_Drivers/7seg/SevenSegment.o
                0x0000000008000170                SevenSegment_init
 .text.SevenSegment_Print
                0x0000000008000224      0x3f0 HAL_Drivers/7seg/SevenSegment.o
                0x0000000008000224                SevenSegment_Print
 .text.Key_Init
                0x0000000008000614       0xe0 HAL_Drivers/Keypad/Keypad.o
                0x0000000008000614                Key_Init
 .text.Key_get  0x00000000080006f4       0xbc HAL_Drivers/Keypad/Keypad.o
                0x00000000080006f4                Key_get
 .text.LCD_8bit_init
                0x00000000080007b0       0xf2 HAL_Drivers/LCD/LCD.o
                0x00000000080007b0                LCD_8bit_init
 *fill*         0x00000000080008a2        0x2 
 .text.LCD_8bit_Set_Cursor
                0x00000000080008a4       0x7c HAL_Drivers/LCD/LCD.o
                0x00000000080008a4                LCD_8bit_Set_Cursor
 .text.LCD_8bit_Command
                0x0000000008000920       0x28 HAL_Drivers/LCD/LCD.o
                0x0000000008000920                LCD_8bit_Command
 .text.LCD_8bit_Print_Char
                0x0000000008000948       0x64 HAL_Drivers/LCD/LCD.o
                0x0000000008000948                LCD_8bit_Print_Char
 .text.Send_8bit
                0x00000000080009ac       0x8e HAL_Drivers/LCD/LCD.o
 .text.myWait   0x0000000008000a3a       0x38 HAL_Drivers/LCD/LCD.o
 .text.GetPos   0x0000000008000a72       0xc6 STM32F103C6_MCAL_Drivers/GPIO/STM32F103C6_GPIO_Driver.o
                0x0000000008000a72                GetPos
 .text.GPIO_INIT
                0x0000000008000b38      0x108 STM32F103C6_MCAL_Drivers/GPIO/STM32F103C6_GPIO_Driver.o
                0x0000000008000b38                GPIO_INIT
 .text.GPIO_READ_PIN
                0x0000000008000c40       0x28 STM32F103C6_MCAL_Drivers/GPIO/STM32F103C6_GPIO_Driver.o
                0x0000000008000c40                GPIO_READ_PIN
 .text.GPIO_WRITE_PIN
                0x0000000008000c68       0x48 STM32F103C6_MCAL_Drivers/GPIO/STM32F103C6_GPIO_Driver.o
                0x0000000008000c68                GPIO_WRITE_PIN
 .text.GPIO_TOGGLE_PIN
                0x0000000008000cb0       0x26 STM32F103C6_MCAL_Drivers/GPIO/STM32F103C6_GPIO_Driver.o
                0x0000000008000cb0                GPIO_TOGGLE_PIN
 .text.myWait   0x0000000008000cd6       0x38 Src/main.o
 *fill*         0x0000000008000d0e        0x2 
 .text.segm_init
                0x0000000008000d10       0x74 Src/main.o
                0x0000000008000d10                segm_init
 .text.GPIO_test
                0x0000000008000d84       0x44 Src/main.o
                0x0000000008000d84                GPIO_test
 .text.KEY_init
                0x0000000008000dc8       0x7c Src/main.o
                0x0000000008000dc8                KEY_init
 .text.LCD_init
                0x0000000008000e44       0xa0 Src/main.o
                0x0000000008000e44                LCD_init
 .text.clock_init
                0x0000000008000ee4       0x28 Src/main.o
                0x0000000008000ee4                clock_init
 .text.main     0x0000000008000f0c       0x94 Src/main.o
                0x0000000008000f0c                main
 .text.Reset_Handler
                0x0000000008000fa0       0x50 Startup/startup_stm32f103c6tx.o
                0x0000000008000fa0                Reset_Handler
 .text.Default_Handler
                0x0000000008000ff0        0x2 Startup/startup_stm32f103c6tx.o
                0x0000000008000ff0                EXTI2_IRQHandler
                0x0000000008000ff0                TIM8_TRG_COM_IRQHandler
                0x0000000008000ff0                TIM8_CC_IRQHandler
                0x0000000008000ff0                DebugMon_Handler
                0x0000000008000ff0                TIM1_CC_IRQHandler
                0x0000000008000ff0                HardFault_Handler
                0x0000000008000ff0                TIM6_IRQHandler
                0x0000000008000ff0                SysTick_Handler
                0x0000000008000ff0                PVD_IRQHandler
                0x0000000008000ff0                SDIO_IRQHandler
                0x0000000008000ff0                PendSV_Handler
                0x0000000008000ff0                NMI_Handler
                0x0000000008000ff0                EXTI3_IRQHandler
                0x0000000008000ff0                USB_HP_CAN_TX_IRQHandler
                0x0000000008000ff0                EXTI0_IRQHandler
                0x0000000008000ff0                I2C2_EV_IRQHandler
                0x0000000008000ff0                UsageFault_Handler
                0x0000000008000ff0                ADC1_2_IRQHandler
                0x0000000008000ff0                SPI1_IRQHandler
                0x0000000008000ff0                CAN_SCE_IRQHandler
                0x0000000008000ff0                TAMPER_IRQHandler
                0x0000000008000ff0                TIM8_UP_IRQHandler
                0x0000000008000ff0                DMA2_Channel2_IRQHandler
                0x0000000008000ff0                DMA1_Channel4_IRQHandler
                0x0000000008000ff0                USART3_IRQHandler
                0x0000000008000ff0                RTC_IRQHandler
                0x0000000008000ff0                DMA1_Channel7_IRQHandler
                0x0000000008000ff0                UART5_IRQHandler
                0x0000000008000ff0                ADC3_IRQHandler
                0x0000000008000ff0                TIM4_IRQHandler
                0x0000000008000ff0                CAN_RX1_IRQHandler
                0x0000000008000ff0                DMA2_Channel1_IRQHandler
                0x0000000008000ff0                I2C1_EV_IRQHandler
                0x0000000008000ff0                DMA1_Channel6_IRQHandler
                0x0000000008000ff0                UART4_IRQHandler
                0x0000000008000ff0                TIM3_IRQHandler
                0x0000000008000ff0                RCC_IRQHandler
                0x0000000008000ff0                TIM1_TRG_COM_IRQHandler
                0x0000000008000ff0                DMA1_Channel1_IRQHandler
                0x0000000008000ff0                Default_Handler
                0x0000000008000ff0                EXTI15_10_IRQHandler
                0x0000000008000ff0                TIM7_IRQHandler
                0x0000000008000ff0                TIM5_IRQHandler
                0x0000000008000ff0                EXTI9_5_IRQHandler
                0x0000000008000ff0                SPI2_IRQHandler
                0x0000000008000ff0                USB_LP_CAN_RX0_IRQHandler
                0x0000000008000ff0                MemManage_Handler
                0x0000000008000ff0                SVC_Handler
                0x0000000008000ff0                DMA1_Channel5_IRQHandler
                0x0000000008000ff0                EXTI4_IRQHandler
                0x0000000008000ff0                DMA1_Channel3_IRQHandler
                0x0000000008000ff0                FSMC_IRQHandler
                0x0000000008000ff0                TIM1_UP_IRQHandler
                0x0000000008000ff0                WWDG_IRQHandler
                0x0000000008000ff0                TIM2_IRQHandler
                0x0000000008000ff0                TIM1_BRK_IRQHandler
                0x0000000008000ff0                EXTI1_IRQHandler
                0x0000000008000ff0                RTCAlarm_IRQHandler
                0x0000000008000ff0                DMA2_Channel4_5_IRQHandler
                0x0000000008000ff0                USART2_IRQHandler
                0x0000000008000ff0                I2C2_ER_IRQHandler
                0x0000000008000ff0                DMA1_Channel2_IRQHandler
                0x0000000008000ff0                TIM8_BRK_IRQHandler
                0x0000000008000ff0                FLASH_IRQHandler
                0x0000000008000ff0                BusFault_Handler
                0x0000000008000ff0                USART1_IRQHandler
                0x0000000008000ff0                SPI3_IRQHandler
                0x0000000008000ff0                I2C1_ER_IRQHandler
                0x0000000008000ff0                DMA2_Channel3_IRQHandler
 *fill*         0x0000000008000ff2        0x2 
 .text.__libc_init_array
                0x0000000008000ff4       0x48 c:/st/stm32cubeide_1.4.0/stm32cubeide/plugins/com.st.stm32cube.ide.mcu.externaltools.gnu-tools-for-stm32.7-2018-q2-update.win32_1.4.0.202007081208/tools/bin/../lib/gcc/arm-none-eabi/7.3.1/../../../../arm-none-eabi/lib/thumb/v7-m\libc_nano.a(lib_a-init.o)
                0x0000000008000ff4                __libc_init_array
 *(.glue_7)
 .glue_7        0x000000000800103c        0x0 linker stubs
 *(.glue_7t)
 .glue_7t       0x000000000800103c        0x0 linker stubs
 *(.eh_frame)
 .eh_frame      0x000000000800103c        0x0 c:/st/stm32cubeide_1.4.0/stm32cubeide/plugins/com.st.stm32cube.ide.mcu.externaltools.gnu-tools-for-stm32.7-2018-q2-update.win32_1.4.0.202007081208/tools/bin/../lib/gcc/arm-none-eabi/7.3.1/thumb/v7-m/crtbegin.o
 *(.init)
 .init          0x000000000800103c        0x4 c:/st/stm32cubeide_1.4.0/stm32cubeide/plugins/com.st.stm32cube.ide.mcu.externaltools.gnu-tools-for-stm32.7-2018-q2-update.win32_1.4.0.202007081208/tools/bin/../lib/gcc/arm-none-eabi/7.3.1/thumb/v7-m/crti.o
                0x000000000800103c                _init
 .init          0x0000000008001040        0x8 c:/st/stm32cubeide_1.4.0/stm32cubeide/plugins/com.st.stm32cube.ide.mcu.externaltools.gnu-tools-for-stm32.7-2018-q2-update.win32_1.4.0.202007081208/tools/bin/../lib/gcc/arm-none-eabi/7.3.1/thumb/v7-m/crtn.o
 *(.fini)
 .fini          0x0000000008001048        0x4 c:/st/stm32cubeide_1.4.0/stm32cubeide/plugins/com.st.stm32cube.ide.mcu.externaltools.gnu-tools-for-stm32.7-2018-q2-update.win32_1.4.0.202007081208/tools/bin/../lib/gcc/arm-none-eabi/7.3.1/thumb/v7-m/crti.o
                0x0000000008001048                _fini
 .fini          0x000000000800104c        0x8 c:/st/stm32cubeide_1.4.0/stm32cubeide/plugins/com.st.stm32cube.ide.mcu.externaltools.gnu-tools-for-stm32.7-2018-q2-update.win32_1.4.0.202007081208/tools/bin/../lib/gcc/arm-none-eabi/7.3.1/thumb/v7-m/crtn.o
                0x0000000008001054                . = ALIGN (0x4)
                0x0000000008001054                _etext = .

.vfp11_veneer   0x0000000008001054        0x0
 .vfp11_veneer  0x0000000008001054        0x0 linker stubs

.v4_bx          0x0000000008001054        0x0
 .v4_bx         0x0000000008001054        0x0 linker stubs

.iplt           0x0000000008001054        0x0
 .iplt          0x0000000008001054        0x0 c:/st/stm32cubeide_1.4.0/stm32cubeide/plugins/com.st.stm32cube.ide.mcu.externaltools.gnu-tools-for-stm32.7-2018-q2-update.win32_1.4.0.202007081208/tools/bin/../lib/gcc/arm-none-eabi/7.3.1/thumb/v7-m/crtbegin.o

.rodata         0x0000000008001054       0x18
                0x0000000008001054                . = ALIGN (0x4)
 *(.rodata)
 .rodata        0x0000000008001054       0x18 Src/main.o
 *(.rodata*)
                0x000000000800106c                . = ALIGN (0x4)

.rel.dyn        0x000000000800106c        0x0
 .rel.iplt      0x000000000800106c        0x0 c:/st/stm32cubeide_1.4.0/stm32cubeide/plugins/com.st.stm32cube.ide.mcu.externaltools.gnu-tools-for-stm32.7-2018-q2-update.win32_1.4.0.202007081208/tools/bin/../lib/gcc/arm-none-eabi/7.3.1/thumb/v7-m/crtbegin.o

.ARM.extab      0x000000000800106c        0x0
                0x000000000800106c                . = ALIGN (0x4)
 *(.ARM.extab* .gnu.linkonce.armextab.*)
                0x000000000800106c                . = ALIGN (0x4)

.ARM            0x000000000800106c        0x0
                0x000000000800106c                . = ALIGN (0x4)
                0x000000000800106c                __exidx_start = .
 *(.ARM.exidx*)
                0x000000000800106c                __exidx_end = .
                0x000000000800106c                . = ALIGN (0x4)

.preinit_array  0x000000000800106c        0x0
                0x000000000800106c                . = ALIGN (0x4)
                0x000000000800106c                PROVIDE (__preinit_array_start = .)
 *(.preinit_array*)
                0x000000000800106c                PROVIDE (__preinit_array_end = .)
                0x000000000800106c                . = ALIGN (0x4)

.init_array     0x000000000800106c        0x4
                0x000000000800106c                . = ALIGN (0x4)
                0x000000000800106c                PROVIDE (__init_array_start = .)
 *(SORT_BY_NAME(.init_array.*))
 *(.init_array*)
 .init_array    0x000000000800106c        0x4 c:/st/stm32cubeide_1.4.0/stm32cubeide/plugins/com.st.stm32cube.ide.mcu.externaltools.gnu-tools-for-stm32.7-2018-q2-update.win32_1.4.0.202007081208/tools/bin/../lib/gcc/arm-none-eabi/7.3.1/thumb/v7-m/crtbegin.o
                0x0000000008001070                PROVIDE (__init_array_end = .)
                0x0000000008001070                . = ALIGN (0x4)

.fini_array     0x0000000008001070        0x4
                0x0000000008001070                . = ALIGN (0x4)
                [!provide]                        PROVIDE (__fini_array_start = .)
 *(SORT_BY_NAME(.fini_array.*))
 *(.fini_array*)
 .fini_array    0x0000000008001070        0x4 c:/st/stm32cubeide_1.4.0/stm32cubeide/plugins/com.st.stm32cube.ide.mcu.externaltools.gnu-tools-for-stm32.7-2018-q2-update.win32_1.4.0.202007081208/tools/bin/../lib/gcc/arm-none-eabi/7.3.1/thumb/v7-m/crtbegin.o
                [!provide]                        PROVIDE (__fini_array_end = .)
                0x0000000008001074                . = ALIGN (0x4)
                0x0000000008001074                _sidata = LOADADDR (.data)

.data           0x0000000020000000        0x0 load address 0x0000000008001074
                0x0000000020000000                . = ALIGN (0x4)
                0x0000000020000000                _sdata = .
 *(.data)
 *(.data*)
                0x0000000020000000                . = ALIGN (0x4)
                0x0000000020000000                _edata = .

.igot.plt       0x0000000020000000        0x0 load address 0x0000000008001074
 .igot.plt      0x0000000020000000        0x0 c:/st/stm32cubeide_1.4.0/stm32cubeide/plugins/com.st.stm32cube.ide.mcu.externaltools.gnu-tools-for-stm32.7-2018-q2-update.win32_1.4.0.202007081208/tools/bin/../lib/gcc/arm-none-eabi/7.3.1/thumb/v7-m/crtbegin.o
                0x0000000020000000                . = ALIGN (0x4)

.bss            0x0000000020000000      0x100 load address 0x0000000008001074
                0x0000000020000000                _sbss = .
                0x0000000020000000                __bss_start__ = _sbss
 *(.bss)
 .bss           0x0000000020000000       0x1c c:/st/stm32cubeide_1.4.0/stm32cubeide/plugins/com.st.stm32cube.ide.mcu.externaltools.gnu-tools-for-stm32.7-2018-q2-update.win32_1.4.0.202007081208/tools/bin/../lib/gcc/arm-none-eabi/7.3.1/thumb/v7-m/crtbegin.o
 *(.bss*)
 .bss.Btn       0x000000002000001c       0x10 HAL_Drivers/Keypad/Keypad.o
 .bss.AddressDD
                0x000000002000002c        0x1 HAL_Drivers/LCD/LCD.o
 *(COMMON)
 *fill*         0x000000002000002d        0x3 
 COMMON         0x0000000020000030       0xd0 Src/main.o
                0x0000000020000030                segm
                0x0000000020000068                key1
                0x00000000200000a8                LED
                0x00000000200000b0                lcd2
                0x0000000020000100                . = ALIGN (0x4)
                0x0000000020000100                _ebss = .
                0x0000000020000100                __bss_end__ = _ebss

._user_heap_stack
                0x0000000020000100      0x600 load address 0x0000000008001074
                0x0000000020000100                . = ALIGN (0x8)
                [!provide]                        PROVIDE (end = .)
                0x0000000020000100                PROVIDE (_end = .)
                0x0000000020000300                . = (. + _Min_Heap_Size)
 *fill*         0x0000000020000100      0x200 
                0x0000000020000700                . = (. + _Min_Stack_Size)
 *fill*         0x0000000020000300      0x400 
                0x0000000020000700                . = ALIGN (0x8)

/DISCARD/
 libc.a(*)
 libm.a(*)
 libgcc.a(*)

.ARM.attributes
                0x0000000000000000       0x29
 *(.ARM.attributes)
 .ARM.attributes
                0x0000000000000000       0x1d c:/st/stm32cubeide_1.4.0/stm32cubeide/plugins/com.st.stm32cube.ide.mcu.externaltools.gnu-tools-for-stm32.7-2018-q2-update.win32_1.4.0.202007081208/tools/bin/../lib/gcc/arm-none-eabi/7.3.1/thumb/v7-m/crti.o
 .ARM.attributes
                0x000000000000001d       0x2d c:/st/stm32cubeide_1.4.0/stm32cubeide/plugins/com.st.stm32cube.ide.mcu.externaltools.gnu-tools-for-stm32.7-2018-q2-update.win32_1.4.0.202007081208/tools/bin/../lib/gcc/arm-none-eabi/7.3.1/thumb/v7-m/crtbegin.o
 .ARM.attributes
                0x000000000000004a       0x33 HAL_Drivers/7seg/SevenSegment.o
 .ARM.attributes
                0x000000000000007d       0x33 HAL_Drivers/Keypad/Keypad.o
 .ARM.attributes
                0x00000000000000b0       0x33 HAL_Drivers/LCD/LCD.o
 .ARM.attributes
                0x00000000000000e3       0x33 STM32F103C6_MCAL_Drivers/GPIO/STM32F103C6_GPIO_Driver.o
 .ARM.attributes
                0x0000000000000116       0x33 Src/main.o
 .ARM.attributes
                0x0000000000000149       0x21 Startup/startup_stm32f103c6tx.o
 .ARM.attributes
                0x000000000000016a       0x2d c:/st/stm32cubeide_1.4.0/stm32cubeide/plugins/com.st.stm32cube.ide.mcu.externaltools.gnu-tools-for-stm32.7-2018-q2-update.win32_1.4.0.202007081208/tools/bin/../lib/gcc/arm-none-eabi/7.3.1/../../../../arm-none-eabi/lib/thumb/v7-m\libc_nano.a(lib_a-init.o)
 .ARM.attributes
                0x0000000000000197       0x1d c:/st/stm32cubeide_1.4.0/stm32cubeide/plugins/com.st.stm32cube.ide.mcu.externaltools.gnu-tools-for-stm32.7-2018-q2-update.win32_1.4.0.202007081208/tools/bin/../lib/gcc/arm-none-eabi/7.3.1/thumb/v7-m/crtn.o
OUTPUT(Drivers.elf elf32-littlearm)

.debug_info     0x0000000000000000     0x4631
 .debug_info    0x0000000000000000      0xc56 HAL_Drivers/7seg/SevenSegment.o
 .debug_info    0x0000000000000c56      0xd45 HAL_Drivers/Keypad/Keypad.o
 .debug_info    0x000000000000199b      0xf8e HAL_Drivers/LCD/LCD.o
 .debug_info    0x0000000000002929      0xe3f STM32F103C6_MCAL_Drivers/GPIO/STM32F103C6_GPIO_Driver.o
 .debug_info    0x0000000000003768      0xea7 Src/main.o
 .debug_info    0x000000000000460f       0x22 Startup/startup_stm32f103c6tx.o

.debug_abbrev   0x0000000000000000      0xa8b
 .debug_abbrev  0x0000000000000000      0x1c3 HAL_Drivers/7seg/SevenSegment.o
 .debug_abbrev  0x00000000000001c3      0x1f9 HAL_Drivers/Keypad/Keypad.o
 .debug_abbrev  0x00000000000003bc      0x27b HAL_Drivers/LCD/LCD.o
 .debug_abbrev  0x0000000000000637      0x20a STM32F103C6_MCAL_Drivers/GPIO/STM32F103C6_GPIO_Driver.o
 .debug_abbrev  0x0000000000000841      0x238 Src/main.o
 .debug_abbrev  0x0000000000000a79       0x12 Startup/startup_stm32f103c6tx.o

.debug_loc      0x0000000000000000      0xa5c
 .debug_loc     0x0000000000000000       0xa0 HAL_Drivers/7seg/SevenSegment.o
 .debug_loc     0x00000000000000a0       0xa0 HAL_Drivers/Keypad/Keypad.o
 .debug_loc     0x0000000000000140      0x41c HAL_Drivers/LCD/LCD.o
 .debug_loc     0x000000000000055c      0x330 STM32F103C6_MCAL_Drivers/GPIO/STM32F103C6_GPIO_Driver.o
 .debug_loc     0x000000000000088c      0x1d0 Src/main.o

.debug_aranges  0x0000000000000000      0x1a8
 .debug_aranges
                0x0000000000000000       0x28 HAL_Drivers/7seg/SevenSegment.o
 .debug_aranges
                0x0000000000000028       0x28 HAL_Drivers/Keypad/Keypad.o
 .debug_aranges
                0x0000000000000050       0x80 HAL_Drivers/LCD/LCD.o
 .debug_aranges
                0x00000000000000d0       0x60 STM32F103C6_MCAL_Drivers/GPIO/STM32F103C6_GPIO_Driver.o
 .debug_aranges
                0x0000000000000130       0x50 Src/main.o
 .debug_aranges
                0x0000000000000180       0x28 Startup/startup_stm32f103c6tx.o

.debug_ranges   0x0000000000000000      0x150
 .debug_ranges  0x0000000000000000       0x18 HAL_Drivers/7seg/SevenSegment.o
 .debug_ranges  0x0000000000000018       0x18 HAL_Drivers/Keypad/Keypad.o
 .debug_ranges  0x0000000000000030       0x70 HAL_Drivers/LCD/LCD.o
 .debug_ranges  0x00000000000000a0       0x50 STM32F103C6_MCAL_Drivers/GPIO/STM32F103C6_GPIO_Driver.o
 .debug_ranges  0x00000000000000f0       0x40 Src/main.o
 .debug_ranges  0x0000000000000130       0x20 Startup/startup_stm32f103c6tx.o

.debug_macro    0x0000000000000000     0x26eb
 .debug_macro   0x0000000000000000      0x209 HAL_Drivers/7seg/SevenSegment.o
 .debug_macro   0x0000000000000209      0xa60 HAL_Drivers/7seg/SevenSegment.o
 .debug_macro   0x0000000000000c69       0x18 HAL_Drivers/7seg/SevenSegment.o
 .debug_macro   0x0000000000000c81       0x22 HAL_Drivers/7seg/SevenSegment.o
 .debug_macro   0x0000000000000ca3       0x40 HAL_Drivers/7seg/SevenSegment.o
 .debug_macro   0x0000000000000ce3       0x94 HAL_Drivers/7seg/SevenSegment.o
 .debug_macro   0x0000000000000d77       0x3c HAL_Drivers/7seg/SevenSegment.o
 .debug_macro   0x0000000000000db3       0x34 HAL_Drivers/7seg/SevenSegment.o
 .debug_macro   0x0000000000000de7       0x16 HAL_Drivers/7seg/SevenSegment.o
 .debug_macro   0x0000000000000dfd      0x10e HAL_Drivers/7seg/SevenSegment.o
 .debug_macro   0x0000000000000f0b       0x8d HAL_Drivers/7seg/SevenSegment.o
 .debug_macro   0x0000000000000f98       0x57 HAL_Drivers/7seg/SevenSegment.o
 .debug_macro   0x0000000000000fef       0x52 HAL_Drivers/7seg/SevenSegment.o
 .debug_macro   0x0000000000001041       0x1f HAL_Drivers/7seg/SevenSegment.o
 .debug_macro   0x0000000000001060       0x43 HAL_Drivers/7seg/SevenSegment.o
 .debug_macro   0x00000000000010a3       0x20 HAL_Drivers/7seg/SevenSegment.o
 .debug_macro   0x00000000000010c3      0x1a3 HAL_Drivers/7seg/SevenSegment.o
 .debug_macro   0x0000000000001266      0x330 HAL_Drivers/7seg/SevenSegment.o
 .debug_macro   0x0000000000001596       0x16 HAL_Drivers/7seg/SevenSegment.o
 .debug_macro   0x00000000000015ac       0x29 HAL_Drivers/7seg/SevenSegment.o
 .debug_macro   0x00000000000015d5       0x1c HAL_Drivers/7seg/SevenSegment.o
 .debug_macro   0x00000000000015f1       0x35 HAL_Drivers/7seg/SevenSegment.o
 .debug_macro   0x0000000000001626       0x10 HAL_Drivers/7seg/SevenSegment.o
 .debug_macro   0x0000000000001636       0x10 HAL_Drivers/7seg/SevenSegment.o
 .debug_macro   0x0000000000001646       0x6a HAL_Drivers/7seg/SevenSegment.o
 .debug_macro   0x00000000000016b0       0x1c HAL_Drivers/7seg/SevenSegment.o
 .debug_macro   0x00000000000016cc       0x52 HAL_Drivers/7seg/SevenSegment.o
 .debug_macro   0x000000000000171e       0x40 HAL_Drivers/7seg/SevenSegment.o
 .debug_macro   0x000000000000175e       0x10 HAL_Drivers/7seg/SevenSegment.o
 .debug_macro   0x000000000000176e       0x40 HAL_Drivers/7seg/SevenSegment.o
 .debug_macro   0x00000000000017ae       0xd7 HAL_Drivers/7seg/SevenSegment.o
 .debug_macro   0x0000000000001885       0x1c HAL_Drivers/7seg/SevenSegment.o
 .debug_macro   0x00000000000018a1       0x3d HAL_Drivers/7seg/SevenSegment.o
 .debug_macro   0x00000000000018de       0x16 HAL_Drivers/7seg/SevenSegment.o
 .debug_macro   0x00000000000018f4      0x145 HAL_Drivers/7seg/SevenSegment.o
 .debug_macro   0x0000000000001a39       0xef HAL_Drivers/7seg/SevenSegment.o
 .debug_macro   0x0000000000001b28      0x1df HAL_Drivers/7seg/SevenSegment.o
 .debug_macro   0x0000000000001d07       0xdc HAL_Drivers/7seg/SevenSegment.o
 .debug_macro   0x0000000000001de3      0x20e HAL_Drivers/Keypad/Keypad.o
 .debug_macro   0x0000000000001ff1       0x10 HAL_Drivers/Keypad/Keypad.o
 .debug_macro   0x0000000000002001      0x20e HAL_Drivers/LCD/LCD.o
 .debug_macro   0x000000000000220f       0xa6 HAL_Drivers/LCD/LCD.o
 .debug_macro   0x00000000000022b5      0x1ff STM32F103C6_MCAL_Drivers/GPIO/STM32F103C6_GPIO_Driver.o
 .debug_macro   0x00000000000024b4      0x221 Src/main.o
 .debug_macro   0x00000000000026d5       0x16 Src/main.o

.debug_line     0x0000000000000000     0x2432
 .debug_line    0x0000000000000000      0x6aa HAL_Drivers/7seg/SevenSegment.o
 .debug_line    0x00000000000006aa      0x6d4 HAL_Drivers/Keypad/Keypad.o
 .debug_line    0x0000000000000d7e      0x7c5 HAL_Drivers/LCD/LCD.o
 .debug_line    0x0000000000001543      0x720 STM32F103C6_MCAL_Drivers/GPIO/STM32F103C6_GPIO_Driver.o
 .debug_line    0x0000000000001c63      0x74b Src/main.o
 .debug_line    0x00000000000023ae       0x84 Startup/startup_stm32f103c6tx.o

.debug_str      0x0000000000000000     0x8c62
 .debug_str     0x0000000000000000     0x8596 HAL_Drivers/7seg/SevenSegment.o
                                       0x87f4 (size before relaxing)
 .debug_str     0x0000000000008596       0x7b HAL_Drivers/Keypad/Keypad.o
                                       0x87f6 (size before relaxing)
 .debug_str     0x0000000000008611      0x489 HAL_Drivers/LCD/LCD.o
                                       0x8c1d (size before relaxing)
 .debug_str     0x0000000000008a9a      0x134 STM32F103C6_MCAL_Drivers/GPIO/STM32F103C6_GPIO_Driver.o
                                       0x88c8 (size before relaxing)
 .debug_str     0x0000000000008bce       0x63 Src/main.o
                                       0x8bee (size before relaxing)
 .debug_str     0x0000000000008c31       0x31 Startup/startup_stm32f103c6tx.o
                                         0x60 (size before relaxing)

.comment        0x0000000000000000       0x7b
 .comment       0x0000000000000000       0x7b HAL_Drivers/7seg/SevenSegment.o
                                         0x7c (size before relaxing)
 .comment       0x000000000000007b       0x7c HAL_Drivers/Keypad/Keypad.o
 .comment       0x000000000000007b       0x7c HAL_Drivers/LCD/LCD.o
 .comment       0x000000000000007b       0x7c STM32F103C6_MCAL_Drivers/GPIO/STM32F103C6_GPIO_Driver.o
 .comment       0x000000000000007b       0x7c Src/main.o

.debug_frame    0x0000000000000000      0x534
 .debug_frame   0x0000000000000000       0x5c HAL_Drivers/7seg/SevenSegment.o
 .debug_frame   0x000000000000005c       0x58 HAL_Drivers/Keypad/Keypad.o
 .debug_frame   0x00000000000000b4      0x1e8 HAL_Drivers/LCD/LCD.o
 .debug_frame   0x000000000000029c      0x178 STM32F103C6_MCAL_Drivers/GPIO/STM32F103C6_GPIO_Driver.o
 .debug_frame   0x0000000000000414       0xf4 Src/main.o
 .debug_frame   0x0000000000000508       0x2c c:/st/stm32cubeide_1.4.0/stm32cubeide/plugins/com.st.stm32cube.ide.mcu.externaltools.gnu-tools-for-stm32.7-2018-q2-update.win32_1.4.0.202007081208/tools/bin/../lib/gcc/arm-none-eabi/7.3.1/../../../../arm-none-eabi/lib/thumb/v7-m\libc_nano.a(lib_a-init.o)
